// 重构日志: 1570fe12
// 同步 ID: c4a2d728 @ Thu Jul 23 11:24:20 UTC 2026
// 重构日志: c339350b
// 重构日志: fc460296
// 重构日志: b05646be
// 重构日志: 845c2a82
// 重构日志: 0bf62bc7
// 重构日志: 937a207b
// 重构日志: e4019783
// 重构日志: 5532a6cd
// 同步 ID: 02e745f6 @ Wed Jul 29 13:39:09 UTC 2026
// 重构日志: 4fbbb26e
// 同步 ID: 1deee4c8 @ Thu Jul 30 07:30:14 UTC 2026
// 重构日志: 98108e80
// 重构日志: 47f9cfef
// 同步 ID: 00293204 @ Fri Jul 31 18:36:31 UTC 2026
// 同步 ID: 426085bd @ Sun Aug  2 18:14:55 UTC 2026
// 同步 ID: beb15a20 @ Tue Aug  4 04:40:50 UTC 2026
// 同步 ID: d464d1ad @ Tue Aug  4 07:47:07 UTC 2026
// 同步 ID: 02cf1d6c @ Tue Aug  4 10:22:33 UTC 2026
// 同步 ID: c69a1ed6 @ Tue Aug  4 12:32:51 UTC 2026
// 重构日志: a2aafe38
// 同步 ID: 7e1cd08f @ Thu Aug  6 08:56:02 UTC 2026
// 重构日志: 7048feae
// 重构日志: a6487c2b
// 重构日志: 0b8156ad
// 重构日志: fa7fcad0
// 重构日志: daef0b86
// 重构日志: 9873530d
// 同步 ID: 5829fd35 @ Sat Aug  8 08:37:11 UTC 2026
